// Jest Snapshot v1, https://goo.gl/fbAQLP

exports[`Test on FirstApp Must match with the snapshot 1`] = `
<div>
  <h1
    data-testid="test-title"
  >
     
    Hola, soy goku
     
  </h1>
  <p>
    No hay subtitulo
  </p>
  <p>
    No hay subtitulo
  </p>
  <p>
    Andres Achury
  </p>
</div>
`;
